Microchip MPLAB XC8 Compiler V2.50

Linker command line:

-W-3 --edf=E:\Microchip\xc8\v2.50\pic\dat\20240725155939_en.msgs -cn \
  -h+dist/default/production\RELOJ_LCD.X.production.sym \
  --cmf=dist/default/production\RELOJ_LCD.X.production.cmf -z -Q16F877A \
  -oC:\Users\FAMILI~1\AppData\Local\Temp\xcCs9fs.2\driver_tmp_3.o \
  --defsym=__MPLAB_BUILD=1 --fixupoverflow=error \
  -Mdist/default/production/RELOJ_LCD.X.production.map \
  --md=C:\Users\FAMILI~1\AppData\Local\Temp\xcCs9fs.2\driver_tmp_0.dat -E1 \
  -ver=XC8 Compiler --acfsm=1493 -ACODE=00h-07FFhx4 -ASTRCODE=00h-01FFFh \
  -ASTRING=00h-0FFhx32 -ACONST=00h-0FFhx32 -AENTRY=00h-0FFhx32 \
  -ACOMMON=070h-07Fh -ABANK0=020h-06Fh -ABANK1=0A0h-0EFh \
  -ABANK2=0110h-016Fh -ABANK3=0190h-01EFh \
  -ARAM=020h-06Fh,0A0h-0EFh,0110h-016Fh,0190h-01EFh \
  -AABS1=020h-07Fh,0A0h-0EFh,0110h-016Fh,0190h-01EFh -ASFR0=00h-01Fh \
  -ASFR1=080h-09Fh -ASFR2=0100h-010Fh -ASFR3=0180h-018Fh \
  -ACONFIG=02007h-02007h -DCONFIG=2 -AIDLOC=02000h-02003h -DIDLOC=2 \
  -AEEDATA=00h-0FFh/02100h -peeprom_data=EEDATA -DEEDATA=2 -DCODE=2 \
  -DSTRCODE=2 -DSTRING=2 -DCONST=2 -DENTRY=2 \
  -preset_vec=00h,intentry,sivt,init,end_init -ppowerup=CODE -pcinit=CODE \
  -pfunctab=ENTRY -k \
  C:\Users\FAMILI~1\AppData\Local\Temp\xcCs9fs.2\driver_tmp_12.o \
  dist/default/production\RELOJ_LCD.X.production.o 

Object code version is 3.11

Machine type is 16F877A



                Name                               Link     Load   Length Selector   Space Scale
C:\Users\FAMILI~1\AppData\Local\Temp\xcCs9fs.2\driver_tmp_12.o
                end_init                              0        0        3        0       0
                config                             2007     2007        1        0       4
                idloc                              2000     2000        4        0       5
dist/default/production\RELOJ_LCD.X.production.o
                cinit                               7F2      7F2        E      FE4       0
                config                             2007     2007        1        0       4
                idloc                              2000     2000        4        0       5
                text20                              2DB      2DB       18      5B6       0
                text19                              277      277        B      4EE       0
                text18                              2F3      2F3       18      5E6       0
                text17                              459      459       60      8B2       0
                text16                              30B      30B       1A      616       0
                text15                              59C      59C       77      B38       0
                text14                              2C9      2C9       12      592       0
                text13                              282      282        B      504       0
                text12                              28D      28D        E      51A       0
                text11                              69C      69C      156      D38       0
                text10                              2A9      2A9       10      552       0
                text9                               2B9      2B9       10      572       0
                text8                               34F      34F       37      69E       0
                text7                               325      325       2A      64A       0
                text6                               386      386       3D      70C       0
                text5                               613      613       89      C26       0
                text4                               29B      29B        E      536       0
                text3                               3C3      3C3       4B      786       0
                text2                               40E      40E       4B      81C       0
                text1                               4B9      4B9       6D      972       0
                maintext                            526      526       76      A4C       0
                cstackBANK0                          20       20        A       20       1
                cstackCOMMON                         70       70        E       70       1
                bssBANK0                             2A       2A        8       20       1
                strings                               3        3       9A        6       0

TOTAL           Name                               Link     Load   Length     Space
        CLASS   CODE           
                end_init                              0        0        3         0
                cinit                               7F2      7F2        E         0
                text20                              2DB      2DB       18         0
                text19                              277      277        B         0
                text18                              2F3      2F3       18         0
                text17                              459      459       60         0
                text16                              30B      30B       1A         0
                text15                              59C      59C       77         0
                text14                              2C9      2C9       12         0
                text13                              282      282        B         0
                text12                              28D      28D        E         0
                text11                              69C      69C      156         0
                text10                              2A9      2A9       10         0
                text9                               2B9      2B9       10         0
                text8                               34F      34F       37         0
                text7                               325      325       2A         0
                text6                               386      386       3D         0
                text5                               613      613       89         0
                text4                               29B      29B        E         0
                text3                               3C3      3C3       4B         0
                text2                               40E      40E       4B         0
                text1                               4B9      4B9       6D         0
                maintext                            526      526       76         0

        CLASS   STRCODE        

        CLASS   STRING         
                strings                               3        3       9A         0

        CLASS   CONST          

        CLASS   ENTRY          

        CLASS   COMMON         
                cstackCOMMON                         70       70        E         1

        CLASS   BANK0          
                cstackBANK0                          20       20        A         1
                bssBANK0                             2A       2A        8         1

        CLASS   BANK1          

        CLASS   BANK2          

        CLASS   BANK3          

        CLASS   RAM            

        CLASS   ABS1           
                abs_s1                               7E       7E        2         1

        CLASS   SFR0           

        CLASS   SFR1           

        CLASS   SFR2           

        CLASS   SFR3           

        CLASS   CONFIG         
                config                             2007     2007        1         4

        CLASS   IDLOC          
                idloc                              2000     2000        4         5

        CLASS   EEDATA         

        CLASS   HEAP           

        CLASS   STACK          



SEGMENTS        Name                           Load    Length   Top    Selector   Space  Class     Delta

                reset_vec                      000000  000003  000003         0       0  CODE        2
                strings                        000003  00009A  00009D         6       0  STRING      2
                cstackBANK0                    000020  000012  000032        20       1  BANK0       1
                cstackCOMMON                   000070  00000E  00007E        70       1  COMMON      1
                text19                         000277  00000B  000282       4EE       0  CODE        2
                text13                         000282  00000B  00028D       504       0  CODE        2
                text12                         00028D  00000E  00029B       51A       0  CODE        2
                text4                          00029B  00000E  0002A9       536       0  CODE        2
                text10                         0002A9  000010  0002B9       552       0  CODE        2
                text9                          0002B9  000010  0002C9       572       0  CODE        2
                text14                         0002C9  000012  0002DB       592       0  CODE        2
                text20                         0002DB  000018  0002F3       5B6       0  CODE        2
                text18                         0002F3  000018  00030B       5E6       0  CODE        2
                text16                         00030B  00001A  000325       616       0  CODE        2
                text7                          000325  00002A  00034F       64A       0  CODE        2
                text8                          00034F  000037  000386       69E       0  CODE        2
                text6                          000386  00003D  0003C3       70C       0  CODE        2
                text3                          0003C3  00004B  00040E       786       0  CODE        2
                text2                          00040E  00004B  000459       81C       0  CODE        2
                text17                         000459  000060  0004B9       8B2       0  CODE        2
                text1                          0004B9  00006D  000526       972       0  CODE        2
                maintext                       000526  000076  00059C       A4C       0  CODE        2
                text15                         00059C  000077  000613       B38       0  CODE        2
                text5                          000613  000089  00069C       C26       0  CODE        2
                text11                         00069C  000156  0007F2       D38       0  CODE        2
                cinit                          0007F2  00000E  000800       FE4       0  CODE        2


UNUSED ADDRESS RANGES

        Name                Unused          Largest block    Delta
        BANK0            0032-006F             3E           1
        BANK1            00A0-00EF             50           1
        BANK2            0110-016F             60           1
        BANK3            0190-01EF             60           1
        CODE             009D-0276            1DA           2
                         0800-1FFF            800
        CONST            009D-0276            100           2
                         0800-1FFF            100
        EEDATA           2100-21FF            100           2
        ENTRY            009D-0276            100           2
                         0800-1FFF            100
        RAM              0032-006F             3E           1
                         00A0-00EF             50
                         0110-016F             60
                         0190-01EF             60
        SFR0             0000-001F             20           1
        SFR1             0080-009F             20           1
        SFR2             0100-010F             10           1
        SFR3             0180-018F             10           1
        STRCODE          009D-0276            1DA           2
                         0800-1FFF           1800
        STRING           009D-0276            100           2
                         0800-1FFF            100

                                  Symbol Table

BCD_TO_DEC@dato                     cstackCOMMON 0071
I2C_Cmd@Cfg                         cstackCOMMON 007C
I2C_Cmd@Cmd                         cstackCOMMON 007D
I2C_Cmd@Dir                         cstackBANK0  0021
I2C_Write@CmdW                      cstackCOMMON 007C
I2C_Write@DirW                      cstackBANK0  0021
I2C_Write@DirW2                     cstackCOMMON 007D
Lcd_Write_Char@a                    cstackCOMMON 0072
Lcd_cmd@comando                     cstackCOMMON 0072
Lcd_pos_x@POSx                      cstackCOMMON 0072
Lcd_pos_x@a                         cstackCOMMON 0073
Lcd_pos_y@POSy                      cstackCOMMON 0072
Lcd_pos_y@a                         cstackCOMMON 0073
Lcd_print_string@POSx               cstackCOMMON 0076
Lcd_print_string@POSy               cstackCOMMON 0074
Lcd_print_string@String_x           cstackCOMMON 0073
Lcd_print_string@String_y           cstackCOMMON 0075
Lcd_print_string@a                  cstackCOMMON 007B
Lcd_print_string@b                  cstackCOMMON 0077
Lcd_print_string@c                  cstackCOMMON 0079
_ADCON1bits                         (abs)        009F
_AJUSTE_DS1307                      text11       069C
_BCD_TO_DEC                         text7        0325
_CFG_DS1307                         text10       02A9
_CMCON                              (abs)        009C
_DATO_I2C                           bssBANK0     0031
_I2C_Check                          text16       030B
_I2C_Cmd                            text15       059C
_I2C_Initialize                     text9        02B9
_I2C_P                              text14       02C9
_I2C_Read                           text6        0386
_I2C_Write                          text5        0613
_Lcd_Write_Char                     text19       0277
_Lcd_cmd                            text13       0282
_Lcd_inicio                         text8        034F
_Lcd_out_cmd                        text18       02F3
_Lcd_out_data                       text20       02DB
_Lcd_pos_x                          text4        029B
_Lcd_pos_y                          text12       028D
_Lcd_print_string                   text17       0459
_OPTION_REGbits                     (abs)        0081
_PORTA                              (abs)        0005
_PORTB                              (abs)        0006
_PORTBbits                          (abs)        0006
_PORTC                              (abs)        0007
_PORTD                              (abs)        0008
_PORTE                              (abs)        0009
_PORTEbits                          (abs)        0009
_READ_DS1307                        text1        04B9
_SSPADD                             (abs)        0093
_SSPBUF                             (abs)        0013
_SSPCON                             (abs)        0014
_SSPCON2                            (abs)        0091
_SSPCON2bits                        (abs)        0091
_SSPSTAT                            (abs)        0094
_SSPSTATbits                        (abs)        0094
_TRISA                              (abs)        0085
_TRISB                              (abs)        0086
_TRISC                              (abs)        0087
_TRISC3                             (abs)        043B
_TRISC4                             (abs)        043C
_TRISD                              (abs)        0088
_TRISE                              (abs)        0089
__H__absolute__                     __absolute__ 0000
__Habs1                             abs1         0000
__Hbank0                            bank0        0000
__Hbank1                            bank1        0000
__Hbank2                            bank2        0000
__Hbank3                            bank3        0000
__HbssBANK0                         bssBANK0     0000
__Hcinit                            cinit        0800
__Hclrtext                          clrtext      0000
__Hcode                             code         0000
__Hcommon                           common       0000
__Hconfig                           config       2008
__HcstackBANK0                      cstackBANK0  0000
__HcstackCOMMON                     cstackCOMMON 0000
__Heeprom_data                      eeprom_data  0000
__Hend_init                         end_init     0003
__Hfunctab                          functab      0000
__Hheap                             heap         0000
__Hidloc                            idloc        2004
__Hinit                             init         0000
__Hintentry                         intentry     0000
__Hmaintext                         maintext     0000
__Hpowerup                          powerup      0000
__Hram                              ram          0000
__Hreset_vec                        reset_vec    0000
__Hsfr0                             sfr0         0000
__Hsfr1                             sfr1         0000
__Hsfr2                             sfr2         0000
__Hsfr3                             sfr3         0000
__Hsivt                             sivt         0000
__Hspace_0                          (abs)        0800
__Hspace_1                          (abs)        007E
__Hspace_2                          (abs)        0000
__Hspace_3                          (abs)        0000
__Hspace_4                          (abs)        400F
__Hstack                            stack        0000
__Hstrings                          strings      0000
__Htext                             text         0000
__L__absolute__                     __absolute__ 0000
__Labs1                             abs1         0000
__Lbank0                            bank0        0000
__Lbank1                            bank1        0000
__Lbank2                            bank2        0000
__Lbank3                            bank3        0000
__LbssBANK0                         bssBANK0     0000
__Lcinit                            cinit        07F2
__Lclrtext                          clrtext      0000
__Lcode                             code         0000
__Lcommon                           common       0000
__Lconfig                           config       0000
__LcstackBANK0                      cstackBANK0  0000
__LcstackCOMMON                     cstackCOMMON 0000
__Leeprom_data                      eeprom_data  0000
__Lend_init                         end_init     0000
__Lfunctab                          functab      0000
__Lheap                             heap         0000
__Lidloc                            idloc        0000
__Linit                             init         0000
__Lintentry                         intentry     0000
__Lmaintext                         maintext     0000
__Lpowerup                          powerup      0000
__Lram                              ram          0000
__Lreset_vec                        reset_vec    0000
__Lsfr0                             sfr0         0000
__Lsfr1                             sfr1         0000
__Lsfr2                             sfr2         0000
__Lsfr3                             sfr3         0000
__Lsivt                             sivt         0000
__Lspace_0                          (abs)        0000
__Lspace_1                          (abs)        0000
__Lspace_2                          (abs)        0000
__Lspace_3                          (abs)        0000
__Lspace_4                          (abs)        0000
__Lstack                            stack        0000
__Lstrings                          strings      0000
__Ltext                             text         0000
__S0                                (abs)        0800
__S1                                (abs)        007E
__S3                                (abs)        0000
___heap_hi                          (abs)        0000
___heap_lo                          (abs)        0000
___int_sp                           stack        0000
___int_stack_hi                     stack        0000
___int_stack_lo                     stack        0000
___latbits                          (abs)        0002
___sp                               stack        0000
___stack_hi                         stack        0000
___stack_lo                         stack        0000
___stackhi                          (abs)        0000
___stacklo                          (abs)        0000
__end_of_AJUSTE_DS1307              text11       07F2
__end_of_BCD_TO_DEC                 text7        034F
__end_of_CFG_DS1307                 text10       02B9
__end_of_I2C_Check                  text16       0325
__end_of_I2C_Cmd                    text15       0613
__end_of_I2C_Initialize             text9        02C9
__end_of_I2C_P                      text14       02DB
__end_of_I2C_Read                   text6        03C3
__end_of_I2C_Write                  text5        069C
__end_of_Lcd_Write_Char             text19       0282
__end_of_Lcd_cmd                    text13       028D
__end_of_Lcd_inicio                 text8        0386
__end_of_Lcd_out_cmd                text18       030B
__end_of_Lcd_out_data               text20       02F3
__end_of_Lcd_pos_x                  text4        02A9
__end_of_Lcd_pos_y                  text12       029B
__end_of_Lcd_print_string           text17       04B9
__end_of_READ_DS1307                text1        0526
__end_of__initialization            cinit        07FC
__end_of__stringtab                 strings      0009
__end_of_lectura_tiempo_posX        text3        040E
__end_of_lectura_tiempo_posY        text2        0459
__end_of_main                       maintext     059C
__initialization                    cinit        07F2
__pbssBANK0                         bssBANK0     002A
__pcstackBANK0                      cstackBANK0  0020
__pcstackCOMMON                     cstackCOMMON 0070
__pmaintext                         maintext     0526
__pstrings                          strings      0003
__ptext1                            text1        04B9
__ptext10                           text10       02A9
__ptext11                           text11       069C
__ptext12                           text12       028D
__ptext13                           text13       0282
__ptext14                           text14       02C9
__ptext15                           text15       059C
__ptext16                           text16       030B
__ptext17                           text17       0459
__ptext18                           text18       02F3
__ptext19                           text19       0277
__ptext2                            text2        040E
__ptext20                           text20       02DB
__ptext3                            text3        03C3
__ptext4                            text4        029B
__ptext5                            text5        0613
__ptext6                            text6        0386
__ptext7                            text7        0325
__ptext8                            text8        034F
__ptext9                            text9        02B9
__stringbase                        strings      0008
__stringtab                         strings      0003
_dato_ajuste_dia                    bssBANK0     0030
_dato_ajuste_dia_decena             bssBANK0     002E
_dato_ajuste_dia_lcd_decena         bssBANK0     002C
_dato_ajuste_dia_lcd_unidad         bssBANK0     002D
_dato_ajuste_dia_unidad             bssBANK0     002F
_decenas                            bssBANK0     002B
_lectura_tiempo_posX                text3        03C3
_lectura_tiempo_posY                text2        040E
_main                               maintext     0526
_unidades                           bssBANK0     002A
btemp                               (abs)        007E
end_of_initialization               cinit        07FC
intlevel0                           functab      0000
intlevel1                           functab      0000
intlevel2                           functab      0000
intlevel3                           functab      0000
intlevel4                           functab      0000
intlevel5                           functab      0000
lectura_tiempo_posX@caracter        cstackBANK0  0025
lectura_tiempo_posX@pos_D3          cstackBANK0  0024
lectura_tiempo_posX@pos_dec         cstackBANK0  0023
lectura_tiempo_posX@pos_uni         cstackBANK0  0022
lectura_tiempo_posX@registro_DS1307 cstackBANK0  0026
lectura_tiempo_posY@caracter        cstackBANK0  0025
lectura_tiempo_posY@pos_D3          cstackBANK0  0024
lectura_tiempo_posY@pos_dec         cstackBANK0  0023
lectura_tiempo_posY@pos_uni         cstackBANK0  0022
lectura_tiempo_posY@registro_DS1307 cstackBANK0  0026
reset_vec                           reset_vec    0000
start                               init         0000
start_initialization                cinit        07F2
wtemp0                              (abs)        007E


MODULE INFORMATION

Module		Function		Class		Link	Load	Size
I2C.c
		_I2C_Write     		CODE           	0613	0000	137
		_I2C_Read      		CODE           	0386	0000	61
		_I2C_P         		CODE           	02C9	0000	18
		_I2C_Check     		CODE           	030B	0000	26
		_I2C_Cmd       		CODE           	059C	0000	119
		_I2C_Initialize		CODE           	02B9	0000	16

I2C.c estimated size: 377

shared
		__stringtab    		STRING         	0003	0000	6
		__initialization		CODE           	07F2	0000	10

shared estimated size: 16

DS1307.c
		_lectura_tiempo_posX		CODE           	03C3	0000	75
		_lectura_tiempo_posY		CODE           	040E	0000	75
		_CFG_DS1307    		CODE           	02A9	0000	16
		_AJUSTE_DS1307 		CODE           	069C	0000	342
		_READ_DS1307   		CODE           	04B9	0000	109

DS1307.c estimated size: 617

BCD_CONVER.c
		_BCD_TO_DEC    		CODE           	0325	0000	42

BCD_CONVER.c estimated size: 42

RELOJ_LCD_MAIN.c
		_main          		CODE           	0526	0000	118

RELOJ_LCD_MAIN.c estimated size: 118

LCD.c
		_Lcd_pos_x     		CODE           	029B	0000	14
		_Lcd_pos_y     		CODE           	028D	0000	14
		_Lcd_Write_Char		CODE           	0277	0000	11
		_Lcd_print_string		CODE           	0459	0000	96
		_Lcd_inicio    		CODE           	034F	0000	55
		_Lcd_out_cmd   		CODE           	02F3	0000	24
		_Lcd_out_data  		CODE           	02DB	0000	24
		_Lcd_cmd       		CODE           	0282	0000	11

LCD.c estimated size: 249

